2026-07-28T06:48:45.222Z	Initializing build environment...
2026-07-28T06:48:49.191Z	Success: Finished initializing build environment
2026-07-28T06:48:49.832Z	Cloning repository...
2026-07-28T06:48:51.929Z	Restoring from dependencies cache
2026-07-28T06:48:51.931Z	Restoring from build output cache
2026-07-28T06:48:54.789Z	Detected the following tools from environment: nodejs@22.23.1, pnpm@10.33.3
2026-07-28T06:48:54.790Z	Installing nodejs 22.23.1
2026-07-28T06:49:06.671Z	Installing project dependencies: pnpm install --frozen-lockfile
2026-07-28T06:49:07.509Z	Lockfile is up to date, resolution step is skipped
2026-07-28T06:49:07.566Z	Progress: resolved 1, reused 0, downloaded 0, added 0
2026-07-28T06:49:07.633Z	Packages: +380
2026-07-28T06:49:07.634Z	++++++++++++++++++++++++++++++++++++++++++++++++++++++++++++++++++++++++++++++++
2026-07-28T06:49:08.594Z	Progress: resolved 380, reused 0, downloaded 0, added 0
2026-07-28T06:49:09.595Z	Progress: resolved 380, reused 0, downloaded 7, added 0
2026-07-28T06:49:10.596Z	Progress: resolved 380, reused 0, downloaded 32, added 8
2026-07-28T06:49:11.597Z	Progress: resolved 380, reused 0, downloaded 85, added 20
2026-07-28T06:49:13.011Z	Progress: resolved 380, reused 0, downloaded 86, added 20
2026-07-28T06:49:14.010Z	Progress: resolved 380, reused 0, downloaded 97, added 24
2026-07-28T06:49:15.011Z	Progress: resolved 380, reused 0, downloaded 108, added 28
2026-07-28T06:49:16.014Z	Progress: resolved 380, reused 0, downloaded 135, added 36
2026-07-28T06:49:17.018Z	Progress: resolved 380, reused 0, downloaded 180, added 48
2026-07-28T06:49:18.018Z	Progress: resolved 380, reused 0, downloaded 215, added 76
2026-07-28T06:49:19.020Z	Progress: resolved 380, reused 0, downloaded 243, added 84
2026-07-28T06:49:20.021Z	Progress: resolved 380, reused 0, downloaded 318, added 110
2026-07-28T06:49:21.023Z	Progress: resolved 380, reused 0, downloaded 338, added 118
2026-07-28T06:49:21.934Z	Progress: resolved 380, reused 0, downloaded 380, added 380, done
2026-07-28T06:49:22.250Z	
2026-07-28T06:49:22.251Z	dependencies:
2026-07-28T06:49:22.251Z	+ @react-router/node 8.3.0
2026-07-28T06:49:22.251Z	+ @react-router/serve 8.3.0
2026-07-28T06:49:22.251Z	+ highlight.js 11.11.1
2026-07-28T06:49:22.252Z	+ isbot 5.2.1
2026-07-28T06:49:22.252Z	+ isomorphic-dompurify 3.19.0
2026-07-28T06:49:22.252Z	+ markdown-it 14.3.0
2026-07-28T06:49:22.252Z	+ minisearch 7.2.0
2026-07-28T06:49:22.252Z	+ photoswipe 5.4.4
2026-07-28T06:49:22.252Z	+ react 19.2.8
2026-07-28T06:49:22.252Z	+ react-dom 19.2.8
2026-07-28T06:49:22.252Z	+ react-router 8.3.0
2026-07-28T06:49:22.253Z	+ yaml 2.9.0
2026-07-28T06:49:22.253Z	
2026-07-28T06:49:22.253Z	devDependencies:
2026-07-28T06:49:22.253Z	+ @react-router/dev 8.3.0
2026-07-28T06:49:22.256Z	+ @types/jsdom 28.0.3
2026-07-28T06:49:22.256Z	+ @types/markdown-it 14.1.2
2026-07-28T06:49:22.256Z	+ @types/node 26.1.2
2026-07-28T06:49:22.256Z	+ @types/react 19.2.17
2026-07-28T06:49:22.256Z	+ @types/react-dom 19.2.3
2026-07-28T06:49:22.257Z	+ feed 5.2.1
2026-07-28T06:49:22.257Z	+ jsdom 30.0.0
2026-07-28T06:49:22.257Z	+ mermaid 11.16.0
2026-07-28T06:49:22.257Z	+ sharp 0.35.3
2026-07-28T06:49:22.257Z	+ tsx 4.23.1
2026-07-28T06:49:22.257Z	+ typescript 6.0.3
2026-07-28T06:49:22.257Z	+ vite 8.1.5
2026-07-28T06:49:22.257Z	+ vitest 4.1.10
2026-07-28T06:49:22.258Z	
2026-07-28T06:49:22.283Z	╭ Warning ─────────────────────────────────────────────────────────────────────╮
2026-07-28T06:49:22.284Z	│                                                                              │
2026-07-28T06:49:22.284Z	│   Ignored build scripts: esbuild@0.28.1.                                     │
2026-07-28T06:49:22.284Z	│   Run "pnpm approve-builds" to pick which dependencies should be allowed     │
2026-07-28T06:49:22.284Z	│   to run scripts.                                                            │
2026-07-28T06:49:22.284Z	│                                                                              │
2026-07-28T06:49:22.284Z	╰──────────────────────────────────────────────────────────────────────────────╯
2026-07-28T06:49:22.298Z	Done in 15.4s using pnpm v10.33.3
2026-07-28T06:49:22.463Z	Executing user build command: pnpm run build
2026-07-28T06:49:22.970Z	
2026-07-28T06:49:22.971Z	> vitekit-blog@0.0.1 build /opt/buildhome/repo
2026-07-28T06:49:22.971Z	> react-router build && tsx scripts/optimize-images.ts && tsx scripts/generate-static.ts
2026-07-28T06:49:22.971Z	
2026-07-28T06:49:23.843Z	Error: Route config in "routes.ts" is invalid.
2026-07-28T06:49:23.843Z	
2026-07-28T06:49:23.844Z	Error: Unable to define routes with duplicate route id: "routes/home"
2026-07-28T06:49:23.844Z	    at walk (file:///opt/buildhome/repo/node_modules/.pnpm/@react-router+dev@8.3.0_@react-router+serve@8.3.0_react-router@8.3.0_react-dom@19.2.8_r_e7614b275517f9525ba1ceb6a46332c6/node_modules/@react-router/dev/dist/routes-BwOSW5AT.js:177:47)
2026-07-28T06:49:23.844Z	    at walk (file:///opt/buildhome/repo/node_modules/.pnpm/@react-router+dev@8.3.0_@react-router+serve@8.3.0_react-router@8.3.0_react-dom@19.2.8_r_e7614b275517f9525ba1ceb6a46332c6/node_modules/@react-router/dev/dist/routes-BwOSW5AT.js:179:57)
2026-07-28T06:49:23.844Z	    at walk (file:///opt/buildhome/repo/node_modules/.pnpm/@react-router+dev@8.3.0_@react-router+serve@8.3.0_react-router@8.3.0_react-dom@19.2.8_r_e7614b275517f9525ba1ceb6a46332c6/node_modules/@react-router/dev/dist/routes-BwOSW5AT.js:179:57)
2026-07-28T06:49:23.844Z	    at configRoutesToRouteManifest (file:///opt/buildhome/repo/node_modules/.pnpm/@react-router+dev@8.3.0_@react-router+serve@8.3.0_react-router@8.3.0_react-dom@19.2.8_r_e7614b275517f9525ba1ceb6a46332c6/node_modules/@react-router/dev/dist/routes-BwOSW5AT.js:181:28)
2026-07-28T06:49:23.844Z	    at resolveConfig (file:///opt/buildhome/repo/node_modules/.pnpm/@react-router+dev@8.3.0_@react-router+serve@8.3.0_react-router@8.3.0_react-dom@19.2.8_r_e7614b275517f9525ba1ceb6a46332c6/node_modules/@react-router/dev/dist/typegen-C6qQ4fuP.js:279:13)
2026-07-28T06:49:23.845Z	    at async createConfigLoader (file:///opt/buildhome/repo/node_modules/.pnpm/@react-router+dev@8.3.0_@react-router+serve@8.3.0_react-router@8.3.0_react-dom@19.2.8_r_e7614b275517f9525ba1ceb6a46332c6/node_modules/@react-router/dev/dist/typegen-C6qQ4fuP.js:346:28)
2026-07-28T06:49:23.846Z	    at async BasicMinimalPluginContext.config (file:///opt/buildhome/repo/node_modules/.pnpm/@react-router+dev@8.3.0_@react-router+serve@8.3.0_react-router@8.3.0_react-dom@19.2.8_r_e7614b275517f9525ba1ceb6a46332c6/node_modules/@react-router/dev/dist/vite.js:1476:31)
2026-07-28T06:49:23.846Z	    at async runConfigHook (file:///opt/buildhome/repo/node_modules/.pnpm/vite@8.1.5_@types+node@26.1.2_esbuild@0.28.1_tsx@4.23.1_yaml@2.9.0/node_modules/vite/dist/node/chunks/node.js:36207:15)
2026-07-28T06:49:23.849Z	    at async resolveConfig (file:///opt/buildhome/repo/node_modules/.pnpm/vite@8.1.5_@types+node@26.1.2_esbuild@0.28.1_tsx@4.23.1_yaml@2.9.0/node_modules/vite/dist/node/chunks/node.js:35642:11)
2026-07-28T06:49:23.849Z	    at async Module.createBuilder (file:///opt/buildhome/repo/node_modules/.pnpm/vite@8.1.5_@types+node@26.1.2_esbuild@0.28.1_tsx@4.23.1_yaml@2.9.0/node_modules/vite/dist/node/chunks/node.js:33458:17)
2026-07-28T06:49:23.849Z	    at createConfigLoader (file:///opt/buildhome/repo/node_modules/.pnpm/@react-router+dev@8.3.0_@react-router+serve@8.3.0_react-router@8.3.0_react-dom@19.2.8_r_e7614b275517f9525ba1ceb6a46332c6/node_modules/@react-router/dev/dist/typegen-C6qQ4fuP.js:353:37)
2026-07-28T06:49:23.849Z	    at async BasicMinimalPluginContext.config (file:///opt/buildhome/repo/node_modules/.pnpm/@react-router+dev@8.3.0_@react-router+serve@8.3.0_react-router@8.3.0_react-dom@19.2.8_r_e7614b275517f9525ba1ceb6a46332c6/node_modules/@react-router/dev/dist/vite.js:1476:31)
2026-07-28T06:49:23.849Z	    at async runConfigHook (file:///opt/buildhome/repo/node_modules/.pnpm/vite@8.1.5_@types+node@26.1.2_esbuild@0.28.1_tsx@4.23.1_yaml@2.9.0/node_modules/vite/dist/node/chunks/node.js:36207:15)
2026-07-28T06:49:23.849Z	    at async resolveConfig (file:///opt/buildhome/repo/node_modules/.pnpm/vite@8.1.5_@types+node@26.1.2_esbuild@0.28.1_tsx@4.23.1_yaml@2.9.0/node_modules/vite/dist/node/chunks/node.js:35642:11)
2026-07-28T06:49:23.849Z	    at async Module.createBuilder (file:///opt/buildhome/repo/node_modules/.pnpm/vite@8.1.5_@types+node@26.1.2_esbuild@0.28.1_tsx@4.23.1_yaml@2.9.0/node_modules/vite/dist/node/chunks/node.js:33458:17)
2026-07-28T06:49:23.849Z	    at async build (file:///opt/buildhome/repo/node_modules/.pnpm/@react-router+dev@8.3.0_@react-router+serve@8.3.0_react-router@8.3.0_react-dom@19.2.8_r_e7614b275517f9525ba1ceb6a46332c6/node_modules/@react-router/dev/dist/build-B8O1OXuF.js:16:9)
2026-07-28T06:49:23.850Z	    at async build (file:///opt/buildhome/repo/node_modules/.pnpm/@react-router+dev@8.3.0_@react-router+serve@8.3.0_react-router@8.3.0_react-dom@19.2.8_r_e7614b275517f9525ba1ceb6a46332c6/node_modules/@react-router/dev/dist/cli/index.js:186:3)
2026-07-28T06:49:23.850Z	    at async run (file:///opt/buildhome/repo/node_modules/.pnpm/@react-router+dev@8.3.0_@react-router+serve@8.3.0_react-router@8.3.0_react-dom@19.2.8_r_e7614b275517f9525ba1ceb6a46332c6/node_modules/@react-router/dev/dist/cli/index.js:525:4)
2026-07-28T06:49:23.876Z	 ELIFECYCLE  Command failed with exit code 1.
2026-07-28T06:49:23.902Z	Failed: error occurred while running build command