02:18:45.599 Running build in Washington, D.C., USA (East) – iad1
02:18:45.599 Build machine configuration: 2 cores, 8 GB
02:18:45.749 Cloning github.com/ShiMahiru/RouterKit (Branch: update_worker_name_to_bolg, Commit: 2a15feb)
02:18:48.190 Cloning completed: 2.441s
02:18:48.208 Found .vercelignore
02:18:48.221 Removed 36 ignored files defined in .vercelignore
02:18:48.221   /.git/config
02:18:48.221   /.git/description
02:18:48.221   /.git/FETCH_HEAD
02:18:48.221   /.git/HEAD
02:18:48.221   /.git/hooks/applypatch-msg.sample
02:18:48.221   /.git/hooks/commit-msg.sample
02:18:48.221   /.git/hooks/fsmonitor-watchman.sample
02:18:48.222   /.git/hooks/post-update.sample
02:18:48.222   /.git/hooks/pre-applypatch.sample
02:18:48.222   /.git/hooks/pre-commit.sample
02:18:48.387 Restored build cache from previous deployment (HUppYGgQKA8J42m2EHrAfSZxvvVb)
02:18:48.622 Running "vercel build"
02:18:48.641 Vercel CLI 56.5.0
02:18:49.131 Warning: Detected "engines": { "node": ">=22" } in your `package.json` that will automatically upgrade when a new major Node.js Version is released. Learn More: https://vercel.link/node-version
02:18:49.174 Detected `pnpm-lock.yaml` version 9 generated by pnpm@10.x with package.json#packageManager pnpm@10.33.3
02:18:49.175 Running "install" command: `pnpm install`...
02:18:51.682 Lockfile is up to date, resolution step is skipped
02:18:51.914 Progress: resolved 1, reused 0, downloaded 0, added 0
02:18:51.951 Packages: +1 -185
02:18:51.951 +-------------------------------------------------------------------------------
02:18:51.996 Progress: resolved 1, reused 0, downloaded 1, added 1, done
02:18:52.124 
02:18:52.124 dependencies:
02:18:52.124 - isomorphic-dompurify 3.19.0
02:18:52.124 + markdown-it-footnote 4.0.0
02:18:52.124 
02:18:52.124 devDependencies:
02:18:52.124 - @types/jsdom 28.0.3
02:18:52.124 - jsdom 30.0.0
02:18:52.124 - mermaid 11.16.0
02:18:52.124 - sharp 0.35.3
02:18:52.124 - vitest 4.1.10
02:18:52.124 
02:18:52.138 ╭ Warning ─────────────────────────────────────────────────────────────────────╮
02:18:52.138 │                                                                              │
02:18:52.138 │   Ignored build scripts: esbuild@0.28.1.                                     │
02:18:52.139 │   Run "pnpm approve-builds" to pick which dependencies should be allowed     │
02:18:52.139 │   to run scripts.                                                            │
02:18:52.139 │                                                                              │
02:18:52.139 ╰──────────────────────────────────────────────────────────────────────────────╯
02:18:52.143 Done in 910ms using pnpm v10.33.3
02:18:52.906 
02:18:52.906 > routerkit@0.0.1 prebuild /vercel/path0
02:18:52.906 > rm -rf build/
02:18:52.906 
02:18:52.914 
02:18:52.915 > routerkit@0.0.1 build /vercel/path0
02:18:52.915 > react-router build && tsx scripts/generate-static.ts
02:18:52.915 
02:18:53.696 Error: Error loading /vercel/path0/react-router.config.ts: Error: Failed to load url ./lib/posts-loader (resolved id: ./lib/posts-loader) in /vercel/path0/react-router.config.ts. Does the file exist?
02:18:53.697     at createConfigLoader (file:///vercel/path0/node_modules/.pnpm/@react-router+dev@8.3.0_@react-router+serve@8.3.0_react-router@8.3.0_react-dom@19.2.8_r_e7614b275517f9525ba1ceb6a46332c6/node_modules/@react-router/dev/dist/typegen-C6qQ4fuP.js:353:37)
02:18:53.699     at async BasicMinimalPluginContext.config (file:///vercel/path0/node_modules/.pnpm/@react-router+dev@8.3.0_@react-router+serve@8.3.0_react-router@8.3.0_react-dom@19.2.8_r_e7614b275517f9525ba1ceb6a46332c6/node_modules/@react-router/dev/dist/vite.js:1476:31)
02:18:53.699     at async runConfigHook (file:///vercel/path0/node_modules/.pnpm/vite@8.1.5_@types+node@26.1.2_esbuild@0.28.1_tsx@4.23.1_yaml@2.9.0/node_modules/vite/dist/node/chunks/node.js:36207:15)
02:18:53.699     at async resolveConfig (file:///vercel/path0/node_modules/.pnpm/vite@8.1.5_@types+node@26.1.2_esbuild@0.28.1_tsx@4.23.1_yaml@2.9.0/node_modules/vite/dist/node/chunks/node.js:35642:11)
02:18:53.699     at async Module.createBuilder (file:///vercel/path0/node_modules/.pnpm/vite@8.1.5_@types+node@26.1.2_esbuild@0.28.1_tsx@4.23.1_yaml@2.9.0/node_modules/vite/dist/node/chunks/node.js:33458:17)
02:18:53.700     at async build (file:///vercel/path0/node_modules/.pnpm/@react-router+dev@8.3.0_@react-router+serve@8.3.0_react-router@8.3.0_react-dom@19.2.8_r_e7614b275517f9525ba1ceb6a46332c6/node_modules/@react-router/dev/dist/build-B8O1OXuF.js:16:9)
02:18:53.700     at async build (file:///vercel/path0/node_modules/.pnpm/@react-router+dev@8.3.0_@react-router+serve@8.3.0_react-router@8.3.0_react-dom@19.2.8_r_e7614b275517f9525ba1ceb6a46332c6/node_modules/@react-router/dev/dist/cli/index.js:186:3)
02:18:53.700     at async run (file:///vercel/path0/node_modules/.pnpm/@react-router+dev@8.3.0_@react-router+serve@8.3.0_react-router@8.3.0_react-dom@19.2.8_r_e7614b275517f9525ba1ceb6a46332c6/node_modules/@react-router/dev/dist/cli/index.js:525:4)
02:18:53.719  ELIFECYCLE  Command failed with exit code 1.
02:18:53.745 Error: Command "pnpm run build" exited with 1